#-----------------------------------------------------------
# Vivado v2025.2 (64-bit)
# SW Build 6299465 on Fri Nov 14 19:35:11 GMT 2025
# IP Build 6300035 on Fri Nov 14 10:48:45 MST 2025
# SharedData Build 6298862 on Thu Nov 13 04:50:51 MST 2025
# Start of session at: Tue Mar 31 14:49:29 2026
# Process ID         : 3272
# Current directory  : C:/Users/kzhan/DATA/Desktop/SUTD/Term_4/50.002-Comstruc Spring 2026/alchitry/20mhz/cores/managed_ip_project/managed_ip_project.runs/clk_wiz_various_synth_1
# Command line       : vivado.exe -log clk_wiz_various.vds -product Vivado -mode batch -messageDb vivado.pb -notrace -source clk_wiz_various.tcl
# Log file           : C:/Users/kzhan/DATA/Desktop/SUTD/Term_4/50.002-Comstruc Spring 2026/alchitry/20mhz/cores/managed_ip_project/managed_ip_project.runs/clk_wiz_various_synth_1/clk_wiz_various.vds
# Journal file       : C:/Users/kzhan/DATA/Desktop/SUTD/Term_4/50.002-Comstruc Spring 2026/alchitry/20mhz/cores/managed_ip_project/managed_ip_project.runs/clk_wiz_various_synth_1\vivado.jou
# Running On         : Kjanray
# Platform           : Windows Server 2016 or Windows 10
# Operating System   : 26200
# Processor Detail   : 11th Gen Intel(R) Core(TM) i5-1135G7 @ 2.40GHz
# CPU Frequency      : 2419 MHz
# CPU Physical cores : 4
# CPU Logical cores  : 8
# Host memory        : 16873 MB
# Swap memory        : 17179 MB
# Total Virtual      : 34053 MB
# Available Virtual  : 17784 MB
#-----------------------------------------------------------
source clk_wiz_various.tcl -notrace
